// Jest Snapshot v1, https://goo.gl/fbAQLP

exports[`Pruebas en CounterApp debe hacer de hacer match con el snapshot 1`] = `
<div>
  <div>
    <h1>
      CounterApp
    </h1>
    <h3>
      100
    </h3>
    <br />
    <button>
       +1 
    </button>
    <button>
       -1 
    </button>
    <button
      aria-label="btn-reset"
    >
      Reset
    </button>
  </div>
</div>
`;
