// Jest Snapshot v1, https://goo.gl/fbAQLP

exports[`Pruebas en GifExpertApp Debe de matchear el snapshot  1`] = `
<div>
  <h1
    aria-label="title"
  >
    Gif Expert App
  </h1>
  <form
    aria-label="form"
  >
    <input
      placeholder="Buscar gifs"
      type="text"
      value=""
    />
  </form>
</div>
`;
